## [irmin](https://github.com/mirage/irmin)
Irmin is a distributed database that follows the same design principles as Git

### Pull Requests

#### Opened (and not merged in same time frame)

 - [Small fix](https://github.com/mirage/irmin) by [@Bactrian](https://github.com/Bactrian)

   (created: 2021-02-01T00:00:00Z, reviewed by: [@Dromedary](https://github.com/Dromedary))
   Fixes a small thing


#### Merged

 - [Smaller fix](https://github.com/mirage/irmin) by [@Bactrian](https://github.com/Bactrian)

   (merged: 2021-02-01T00:00:02Z, reviewed by: [@Dromedary](https://github.com/Dromedary))
   Fixes a really small thing


### Issues

 - [Small bug](https://github.com/mirage/irmin) by @Dromedary (created/merged: 2021-01-27T00:00:00Z)
   A small bug
