# Last Week

- Make okra great (OKRA1)
  - @bactrian (<X> days)
  - Work Item 1


- Off
  - @bactrian (0 days)
  - Any kind of leaves, holidays, time off from work, including 2-week August company break.

- Hack
  - @bactrian (0 days)
  - Hacking Days.

- Misc
  - @bactrian (0 days)
  - Any work that does not fall under specific objectives, including meetings, management work, offsite, workshops, training, conferences, tech talks and all hands.

# Activity (move these items to last week)

  - Created repository [bactrian/okra-web](https://github.com/bactrian/okra-web)
  - Opened issue: There's a bug in Okra [bactrian/okra#26](https://github.com/bactrian/okra/issue/26)
  - Opened PR: Fix bug in Okra [bactrian/okra#42](https://github.com/bactrian/okra/pull/42)
  - Opened PR: Fix another bug in Okra [bactrian/okra#43](https://github.com/bactrian/okra/pull/43)
  - Approved PR: Fix another bug in Okra [bactrian/okra#43](https://github.com/bactrian/okra/pull/43#pullrequestreview-123456789)
